
> frontend@0.1.0 build
> next build

Ôû▓ Next.js 16.1.6 (Turbopack)
- Environments: .env.local

  Creating an optimized production build ...
Ô£ô Compiled successfully in 6.2s
  Running TypeScript ...
node.exe : Failed to compile.
In Zeile:1 Zeichen:1
+ & "C:\Program Files\nodejs/node.exe" 
"C:\Users\aidevelo\AppData\Roami ...
+ ~~~~~~~~~~~~~~~~~~~~~~~~~~~~~~~~~~~~~~~~~~~~~~
~~~~~~~~~~~~~~~~~~~~~~~
    + CategoryInfo          : NotSpecified: (Fa 
   iled to compile.:String) [], RemoteExceptio  
  n
    + FullyQualifiedErrorId : NativeCommandErro 
   r
 

./src/app/(dashboard)/leads/pipeline/page.tsx:76
:9
Type error: Type 'Record<string, { items: 
unknown[]; total: number; }>' is missing the 
following properties from type 'PipelineData': 
offen, pending, gewonnen, verloren

[0m [90m 74 |[39m   })[33m;[39m
 [90m 75 |[39m
[31m[1m>[22m[39m[90m 76 |[39m   
[36mconst[39m pipeline[33m:[39m 
[33mPipelineData[39m [33m=[39m data 
[33m||[39m {
 [90m    |[39m         [31m[1m^[22m[39m
 [90m 77 |[39m     offen[33m:[39m { 
items[33m:[39m [][33m,[39m total[33m:[39m 
[35m0[39m }[33m,[39m
 [90m 78 |[39m     pending[33m:[39m { 
items[33m:[39m [][33m,[39m total[33m:[39m 
[35m0[39m }[33m,[39m
 [90m 79 |[39m     gewonnen[33m:[39m { 
items[33m:[39m [][33m,[39m total[33m:[39m 
[35m0[39m }[33m,[39m[0m
Next.js build worker exited with code: 1 and 
signal: null
